<html>
<body>
<pre>
<h1>µVision Build Log</h1>
<h2>Tool Versions:</h2>
IDE-Version: µVision V5.13.0.0
Copyright (C) 2014 ARM Ltd and ARM Germany GmbH. All rights reserved.
License Information: Puskas Timi, none, LIC=----
 
Tool Versions:
Toolchain:       MDK-Lite  Version: 5.13.0.0
Toolchain Path:  C:\Keil_v5\ARM\ARMCC\Bin
C Compiler:      Armcc.exe V5.05 update 1 (build 106)
Assembler:       Armasm.exe V5.05 update 1 (build 106)
Linker/Locator:  ArmLink.exe V5.05 update 1 (build 106)
Library Manager: ArmAr.exe V5.05 update 1 (build 106)
Hex Converter:   FromElf.exe V5.05 update 1 (build 106)
CPU DLL:         SARMCM3.DLL V5.13.0.0
Dialog DLL:      DCM.DLL V1.13.1.0
Target DLL:      STLink\ST-LINKIII-KEIL_SWO.dll V2.0.14.0_KEIL
Dialog DLL:      TCM.DLL V1.14.4.0
 
<h2>Project:</h2>
C:\Users\Timi9\Desktop\legoindact\temp\Timeres\Timeres\MDK-ARM\Timeres.uvprojx
Project File Date:  04/23/2019

<h2>Output:</h2>
Build target 'Timeres'
compiling main.c...
../Src/main.c(103): warning:  #177-D: variable "tim6_cr1" was declared but never referenced
        uint16_t* tim6_cr1 = (uint16_t*)0x40001000 + 0x00;      //control_1 - vezérlö regiszterek
../Src/main.c(104): warning:  #177-D: variable "tim6_cr2" was declared but never referenced
        uint16_t* tim6_cr2 = (uint16_t*)0x40001000 + 0x02; 
../Src/main.c(105): warning:  #177-D: variable "tim6_arr" was declared but never referenced
        uint16_t* tim6_arr = tim6 + 0x0E; //auto reload - ezt tölti be kezdö értékként
../Src/main.c(106): warning:  #177-D: variable "tim6_psc" was declared but never referenced
        uint16_t* tim6_psc = tim6 + 0x14;       //prescale - frekvencia osztó
../Src/main.c(108): warning:  #177-D: variable "tim6_egr" was declared but never referenced
        uint16_t* tim6_egr = tim6 + 0x0A; //event generation - írásával újratölti
../Src/main.c(118): warning:  #550-D: variable "before" was set but never used
        uint32_t before =0;
../Src/main.c: 6 warnings, 0 errors
linking...
Program Size: Code=5144 RO-data=480 RW-data=16 ZI-data=1264  
FromELF: creating hex file...
"Timeres\Timeres.axf" - 0 Error(s), 6 Warning(s).

<h2>Software Packages used:</h2>

Package Vendor: ARM
                http://www.keil.com/pack/ARM.CMSIS.4.2.0.pack
                ARM::CMSIS:CORE:3.40.0
                CMSIS (Cortex Microcontroller Software Interface Standard)
   * Component: CORE Version: 3.40.0

<h2>Collection of Component include folders:</h2>
  C:\Users\Timi9\Desktop\legoindact\temp\Timeres\Timeres\MDK-ARM\RTE
  C:\Keil_v5\ARM\PACK\ARM\CMSIS\4.2.0\CMSIS\Include
  C:\Keil_v5\ARM\PACK\Keil\STM32F3xx_DFP\2.1.0

<h2>Collection of Component Files used:</h2>

   * Component: ARM::CMSIS:CORE:3.40.0
      Source file:   CMSIS\UserCodeTemplates\ARM\ITM_Retarget.c
</pre>
</body>
</html>
